
Running Job 1 of 1 minimization.inp
qchem minimization.inp_9726.0 /scratch/hollas/qchem9726/ 1
                  Welcome to Q-Chem
     A Quantum Leap Into The Future Of Chemistry

 Y. Shao, L. Fusti-Molnar, Y. Jung, J. Kussmann, C. Ochsenfeld, S. T. Brown, 
 A. T. B. Gilbert, L. V. Slipchenko, S. V. Levchenko, D. P. O'Neill, 
 R. A. DiStasio Jr., R. C. Lochan, T. Wang, G. J. O. Beran, N. A. Besley, 
 J. M. Herbert, C. Y. Lin, T. Van Voorhis, S. H. Chien, A. Sodt, R. P. Steele, 
 V. A. Rassolov, P. E. Maslen, P. P. Korambath, R. D. Adamson, B. Austin, 
 J. Baker, E. F. C. Byrd, H. Dachsel, R. J. Doerksen, A. Dreuw, B. D. Dunietz, 
 A. D. Dutoi, T. R. Furlani, S. R. Gwaltney, A. Heyden, S. Hirata, C.-P. Hsu, 
 G. Kedziora, R. Z. Khaliullin, P. Klunzinger, A. M. Lee, M. S. Lee, W. Liang, 
 I. Lotan, N. Nair, B. Peters, E. I. Proynov, P. A. Pieniazek, Y. M. Rhee, 
 J. Ritchie, E. Rosta, C. D. Sherrill, A. C. Simmonett, J. E. Subotnik, 
 H. L. Woodcock III, W. Zhang, A. T. Bell, A. K. Chakraborty, D. M. Chipman, 
 F. J. Keil, A. Warshel, W. J. Hehre, H. F. Schaefer III, J. Kong, 
 A. I. Krylov, P. M. W. Gill, M. Head-Gordon

 Additional authors for Version 3.1: 
 Z. Gan, Y. Zhao, N. E. Schultz, D. Truhlar, E. Epifanovsky, M. Oana

 Additional authors for Version 3.2: 
 R. Baer, B. R. Brooks, D. Casanova, J.-D. Chai, C.-L. Cheng, C. Cramer, 
 D. Crittenden, A. Ghysels, G. Hawkins, E. G. Hohenstein, C. Kelley, 
 W. Kurlancheek, D. Liotard, E. Livshits, P. Manohar, A. Marenich, 
 D. Neuhauser, R. Olson, M. A. Rohrdanz, K. S. Thanthiriwatte, A. J. W. Thom, 
 V. Vanovschi, C. F. Williams, Q. Wu, Z.-Q. You

 Additional authors for Version 4.0: 
 A. Aspuru-Guzik, Y. Bernard, C. Chang, J. Deng, A. Dreuw, M. Diedenhofen, 
 R. G. Edgar, D. Ghosh, W. A. Goddard III, M. Goldey, L. D. Jacobson, 
 M. Gordon, B. Kaduk, I. Kaliman, K. Khistyaev, R. King, A. Klamt, 
 D. Kosenkov, T. Kus, D. Lambrecht, A. Landau, A. W. Lange, K. Lawler, F. Liu, 
 J. Liu, R. Olivares-Amaya, S. P. Mao, J. Parkhill, N. Russ, M. Schmidt, 
 N. Shenvi, D. Small, Y. C. Su, E. Sundstrom, L. Vogt, O. Vydrov, M. Watson, 
 M. Wormit, X. Xu, S. Yeganeh, I. Y. Zhang, D. Zuev

 Additional authors for Version 4.1: 
 X. Feng, M. W. D. Hanson-Heine, P. Horn, H. Ji, A. Laurent, R. Peverati, 
 N. Mardirossian, N. Sergueev, S. Sharada, P. Zimmerman

 Q-Chem, Version 4.1, Q-Chem, Inc., Pittsburgh, PA (2013).

 Parts of Q-Chem use Armadillo 3.6.2 (Piazza del Duomo).
 http://arma.sourceforge.net/

 Intel X86 Linux Version 4.1.2

 Q-chem begins on Tue Oct 20 16:17:38 2015  

Host: 
0

     Scratch files written to /scratch/hollas/qchem9726//
 Feb1314 5886_zgan 4742   
Processing $rem in /usr/local/programs/common/qchem/qchem-4.1/arch/x86_64/config/preferences.
 MEM_TOTAL  1024 
Finally everything over in PARseQInput

--------------------------------------------------------------
User input:
--------------------------------------------------------------

$molecule
0 1
O    1.2209454916000000        1.1009983115999999       -5.4668213781999997
H    1.2098227510999999        1.9586117950999999       -5.0135938952999997
H    1.4626306595000000        1.3666656952000000       -6.3821352127999997
$end

$rem
JOBTYPE OPT
exchange pbe
correlation pbe
BASIS  6-31g*
max_scf_cycles    100
$end

--------------------------------------------------------------
 ----------------------------------------------------------------
             Standard Nuclear Orientation (Angstroms)
    I     Atom           X                Y                Z
 ----------------------------------------------------------------
    1      O      -0.0036563857    -0.1235761231     0.0000000000
    2      H      -0.7414574458     0.5062566717     0.0000000000
    3      H       0.7707085315     0.4823523132     0.0000000000
 ----------------------------------------------------------------
 Molecular Point Group                 Cs    NOp =  2
 Largest Abelian Subgroup              Cs    NOp =  2
 Nuclear Repulsion Energy =     9.0194405734 hartrees
 There are        5 alpha and        5 beta electrons
 Requested basis set is 6-31G(d)
 There are 8 shells and 19 basis functions

Total QAlloc Memory Limit   1024 MB
Mega-Array Size        61 MB
MEM_STATIC part        62 MB
 A cutoff of  1.0D-11 yielded     36 shell pairs
 There are       217 function pairs
 Smallest overlap matrix eigenvalue = 2.30E-02

  Scale SEOQF with 1.000000e+00/1.000000e+00/1.000000e+00

 Standard Electronic Orientation quadrupole field applied
 Nucleus-field energy     =     0.0000000008 hartrees
 Guess from superposition of atomic densities
 Warning:  Energy on first SCF cycle will be non-variational
 A restricted Kohn-Sham SCF calculation will be
 performed using Pulay DIIS extrapolation
 Exchange:  PBE      Correlation:  PBE
 Using SG-1 standard quadrature grid
 SCF converges when DIIS error is below 1.0E-08
 Requested basis set is 6-31G(d)
 There are 8 shells and 19 basis functions
 A cutoff of  1.0D-11 yielded     36 shell pairs
 There are       217 function pairs
 ---------------------------------------
  Cycle       Energy         DIIS Error
 ---------------------------------------
    1     -76.3193932925      1.58E-01
    2     -76.2451507155      4.78E-02
    3     -76.1410986291      7.31E-02
    4     -76.3223133223      1.13E-03
    5     -76.3223633446      3.00E-04
    6     -76.3223662366      5.67E-05
    7     -76.3223663576      2.02E-06
    8     -76.3223663578      5.13E-07
    9     -76.3223663578      6.20E-08
   10     -76.3223663578      2.57E-09 Convergence criterion met
 ---------------------------------------
 SCF time:  CPU 0.35 s  wall 0.48 s
 SCF   energy in the final basis set = -76.3223663578
 Total energy in the final basis set = -76.3223663578
 Analysis of SCF Wavefunction
 
 --------------------------------------------------------------
             Orbital Energies (a.u.) and Symmetries
 --------------------------------------------------------------
 
 Alpha MOs, Restricted
 -- Occupied --                  
-18.758  -0.905  -0.455  -0.316  -0.228
  1 A'    2 A'    3 A'    4 A'    1 A"                                         
 -- Virtual --                   
  0.039   0.120   0.717   0.802   0.842   0.854   1.007   1.154
  5 A'    6 A'    7 A'    8 A'    2 A"    9 A'   10 A'   11 A'                 
  1.654   1.680   1.709   2.197   2.479   3.458
 12 A'    3 A"    4 A"   13 A'   14 A'   15 A'                                 
 
 Beta MOs, Restricted
 -- Occupied --                  
-18.758  -0.905  -0.455  -0.316  -0.228
  1 A'    2 A'    3 A'    4 A'    1 A"                                         
 -- Virtual --                   
  0.039   0.120   0.717   0.802   0.842   0.854   1.007   1.154
  5 A'    6 A'    7 A'    8 A'    2 A"    9 A'   10 A'   11 A'                 
  1.654   1.680   1.709   2.197   2.479   3.458
 12 A'    3 A"    4 A"   13 A'   14 A'   15 A'                                 
 --------------------------------------------------------------
 
          Ground-State Mulliken Net Atomic Charges

     Atom                 Charge (a.u.)
  ----------------------------------------
      1 O                    -0.756817
      2 H                     0.379704
      3 H                     0.377113
  ----------------------------------------
  Sum of atomic charges =     0.000000

 -----------------------------------------------------------------
                    Cartesian Multipole Moments
 -----------------------------------------------------------------
    Charge (ESU x 10^10)
                 0.0000
    Dipole Moment (Debye)
         X       0.0485      Y       2.0866      Z       0.0000
       Tot       2.0872
    Quadrupole Moments (Debye-Ang)
        XX      -4.4099     XY      -0.0174     YY      -5.9552
        XZ       0.0000     YZ       0.0000     ZZ      -7.2363
    Octopole Moments (Debye-Ang^2)
       XXX       0.0780    XXY       1.1827    XYY      -0.0171
       YYY       1.1972    XXZ       0.0000    XYZ       0.0000
       YYZ       0.0000    XZZ      -0.0002    YZZ       0.3124
       ZZZ       0.0000
    Hexadecapole Moments (Debye-Ang^3)
      XXXX      -6.2664   XXXY       0.0156   XXYY      -1.7782
      XYYY      -0.0382   YYYY      -6.4260   XXXZ       0.0000
      XXYZ       0.0000   XYYZ       0.0000   YYYZ       0.0000
      XXZZ      -2.1456   XYZZ      -0.0060   YYZZ      -2.0034
      XZZZ       0.0000   YZZZ       0.0000   ZZZZ      -5.2624
 -----------------------------------------------------------------
 Calculating analytic gradient of the SCF energy
 Gradient of AOints
            1           2           3
    1   0.0475877   2.0481709  -2.0957586
    2   3.1624848  -1.6348456  -1.5276391
    3  -0.0000000   0.0000000   0.0000000
 Gradient of SCF Energy
            1           2           3
    1  -0.0096159   0.0067606   0.0028553
    2  -0.0021235  -0.0028960   0.0050196
    3   0.0000000  -0.0000000  -0.0000000
 Max gradient component =       9.616E-03
 RMS gradient           =       4.527E-03
 Gradient time:  CPU 0.10 s  wall 0.95 s
 Geometry Optimization Parameters
   NAtoms,    NIC,     NZ,  NCons,   NDum,   NFix, NCnnct, MaxDiis
        3       9       0       0       0       0       0       0


** GEOMETRY OPTIMIZATION IN DELOCALIZED INTERNAL COORDINATES **
   Searching for a Minimum

   Optimization Cycle:   1

                       Coordinates (Angstroms)
     ATOM                X               Y               Z
      1  O        -0.0036563857   -0.1235761231    0.0000000000
      2  H        -0.7414574458    0.5062566717    0.0000000000
      3  H         0.7707085315    0.4823523132    0.0000000000
   Point Group: cs    Number of degrees of freedom:     3


   Energy is    -76.322366358


 Attempting to Generate Delocalized Internal Coordinates
 GETINT wrote B to file, NVib is            3
 calling HSSCONV
 HCONV 3*NATOMS:            9
 wrote HINT to file
  writing hessian 

  3 Hessian modes will be used to form the next step
  Hessian Eigenvalues:
     0.160000    0.507578    0.533622

 Minimum Search - Taking Simple RFO Step
 Searching for Lamda that Minimizes Along All modes
 Value Taken    Lamda =  -0.00025035
 Step Taken.  Stepsize is  0.030317

                             Maximum     Tolerance    Cnvgd?
         Gradient           0.008711      0.000300      NO
         Displacement       0.021540      0.001200      NO
         Energy change     *********      0.000001      NO


 New Cartesian Coordinates Obtained by Inverse Iteration

 Displacement from previous Coordinates is:  0.028537
 ----------------------------------------------------------------
             Standard Nuclear Orientation (Angstroms)
    I     Atom           X                Y                Z
 ----------------------------------------------------------------
    1      O       0.0008818201    -0.1175697477     0.0000000000
    2      H      -0.7519641320     0.5051657969     0.0000000000
    3      H       0.7766770120     0.4774368126     0.0000000000
 ----------------------------------------------------------------
 Molecular Point Group                 Cs    NOp =  2
 Largest Abelian Subgroup              Cs    NOp =  2
 Nuclear Repulsion Energy =     9.0090788891 hartrees
 There are        5 alpha and        5 beta electrons
 Applying Cartesian multipole field
    Component          Value
    ---------          -----
     (2,0,0)        1.00000E-10
     (0,2,0)        2.00000E-10
     (0,0,2)       -3.00000E-10
 Nucleus-field energy     =     0.0000000008 hartrees
 Requested basis set is 6-31G(d)
 There are 8 shells and 19 basis functions
 A cutoff of  1.0D-11 yielded     36 shell pairs
 There are       217 function pairs
 Smallest overlap matrix eigenvalue = 2.30E-02
 Guess MOs from SCF MO coefficient file
Reading MOs from coefficient file
Reading MOs from coefficient file
 A restricted Kohn-Sham SCF calculation will be
 performed using Pulay DIIS extrapolation
 Exchange:  PBE      Correlation:  PBE
 Using SG-1 standard quadrature grid
 SCF converges when DIIS error is below 1.0E-08
Geometry optimization detected.  Setting ReadMinima to 0
Setting SaveMinima to 0
 Requested basis set is 6-31G(d)
 There are 8 shells and 19 basis functions
 A cutoff of  1.0D-11 yielded     36 shell pairs
 There are       217 function pairs
 ---------------------------------------
  Cycle       Energy         DIIS Error
 ---------------------------------------
    1     -76.3224243267      1.82E-03
    2     -76.3224785607      4.56E-04
    3     -76.3224799125      4.63E-04
    4     -76.3224866757      1.44E-04
    5     -76.3224873794      5.60E-06
    6     -76.3224873806      4.78E-07
    7     -76.3224873806      3.24E-08
    8     -76.3224873806      3.42E-09 Convergence criterion met
 ---------------------------------------
 SCF time:  CPU 0.29 s  wall 0.33 s
 SCF   energy in the final basis set = -76.3224873806
 Total energy in the final basis set = -76.3224873806
 Analysis of SCF Wavefunction
 
 --------------------------------------------------------------
             Orbital Energies (a.u.) and Symmetries
 --------------------------------------------------------------
 
 Alpha MOs, Restricted
 -- Occupied --                  
-18.758  -0.903  -0.457  -0.313  -0.227
  1 A'    2 A'    3 A'    4 A'    1 A"                                         
 -- Virtual --                   
  0.039   0.120   0.721   0.798   0.843   0.852   1.008   1.148
  5 A'    6 A'    7 A'    8 A'    2 A"    9 A'   10 A'   11 A'                 
  1.658   1.679   1.711   2.196   2.481   3.460
 12 A'    3 A"    4 A"   13 A'   14 A'   15 A'                                 
 
 Beta MOs, Restricted
 -- Occupied --                  
-18.758  -0.903  -0.457  -0.313  -0.227
  1 A'    2 A'    3 A'    4 A'    1 A"                                         
 -- Virtual --                   
  0.039   0.120   0.721   0.798   0.843   0.852   1.008   1.148
  5 A'    6 A'    7 A'    8 A'    2 A"    9 A'   10 A'   11 A'                 
  1.658   1.679   1.711   2.196   2.481   3.460
 12 A'    3 A"    4 A"   13 A'   14 A'   15 A'                                 
 --------------------------------------------------------------
 
          Ground-State Mulliken Net Atomic Charges

     Atom                 Charge (a.u.)
  ----------------------------------------
      1 O                    -0.759131
      2 H                     0.379630
      3 H                     0.379501
  ----------------------------------------
  Sum of atomic charges =     0.000000

 -----------------------------------------------------------------
                    Cartesian Multipole Moments
 -----------------------------------------------------------------
    Charge (ESU x 10^10)
                 0.0000
    Dipole Moment (Debye)
         X       0.0383      Y       2.0660      Z       0.0000
       Tot       2.0663
    Quadrupole Moments (Debye-Ang)
        XX      -4.3440     XY      -0.0228     YY      -5.9746
        XZ       0.0000     YZ       0.0000     ZZ      -7.2372
    Octopole Moments (Debye-Ang^2)
       XXX       0.0248    XXY       1.1754    XYY      -0.0412
       YYY       1.0975    XXZ       0.0000    XYZ       0.0000
       YYZ       0.0000    XZZ      -0.0177    YZZ       0.2783
       ZZZ       0.0000
    Hexadecapole Moments (Debye-Ang^3)
      XXXX      -6.2326   XXXY       0.0278   XXYY      -1.7698
      XYYY      -0.0172   YYYY      -6.3836   XXXZ       0.0000
      XXYZ       0.0000   XYYZ       0.0000   YYYZ       0.0000
      XXZZ      -2.1518   XYZZ       0.0033   YYZZ      -1.9942
      XZZZ       0.0000   YZZZ       0.0000   ZZZZ      -5.2633
 -----------------------------------------------------------------
 Calculating analytic gradient of the SCF energy
 Gradient of AOints
            1           2           3
    1   0.0556517   2.0880563  -2.1437080
    2   3.0788235  -1.5788505  -1.4999731
    3  -0.0000000   0.0000000   0.0000000
 Gradient of SCF Energy
            1           2           3
    1  -0.0004589  -0.0005132   0.0009720
    2  -0.0004974   0.0000672   0.0004303
    3  -0.0000000   0.0000000   0.0000000
 Max gradient component =       9.720E-04
 RMS gradient           =       4.541E-04
 Gradient time:  CPU 0.10 s  wall 0.10 s
 Geometry Optimization Parameters
   NAtoms,    NIC,     NZ,  NCons,   NDum,   NFix, NCnnct, MaxDiis
        3       9       0       0       0       0       0       0

 Cartesian Hessian Update
 Hessian Updated using BFGS Update


** GEOMETRY OPTIMIZATION IN DELOCALIZED INTERNAL COORDINATES **
   Searching for a Minimum

   Optimization Cycle:   2

                       Coordinates (Angstroms)
     ATOM                X               Y               Z
      1  O         0.0008818201   -0.1175697477    0.0000000000
      2  H        -0.7519641320    0.5051657969    0.0000000000
      3  H         0.7766770120    0.4774368126    0.0000000000
   Point Group: cs    Number of degrees of freedom:     3


   Energy is    -76.322487381

 GETINT wrote B to file, NVib is            3
 Hessian Updated using BFGS Update

  3 Hessian modes will be used to form the next step
  Hessian Eigenvalues:
     0.173314    0.459419    0.560615

 Minimum Search - Taking Simple RFO Step
 Searching for Lamda that Minimizes Along All modes
 Value Taken    Lamda =  -0.00000371
 Step Taken.  Stepsize is  0.003403

                             Maximum     Tolerance    Cnvgd?
         Gradient           0.001002      0.000300      NO
         Displacement       0.003238      0.001200      NO
         Energy change     -0.000121      0.000001      NO


 New Cartesian Coordinates Obtained by Inverse Iteration

 Displacement from previous Coordinates is:  0.003784
 ----------------------------------------------------------------
             Standard Nuclear Orientation (Angstroms)
    I     Atom           X                Y                Z
 ----------------------------------------------------------------
    1      O       0.0011527980    -0.1179333958     0.0000000000
    2      H      -0.7507418925     0.5054336552     0.0000000000
    3      H       0.7751837945     0.4775326023     0.0000000000
 ----------------------------------------------------------------
 Molecular Point Group                 Cs    NOp =  2
 Largest Abelian Subgroup              Cs    NOp =  2
 Nuclear Repulsion Energy =     9.0161197564 hartrees
 There are        5 alpha and        5 beta electrons
 Applying Cartesian multipole field
    Component          Value
    ---------          -----
     (2,0,0)        1.00000E-10
     (0,2,0)        2.00000E-10
     (0,0,2)       -3.00000E-10
 Nucleus-field energy     =     0.0000000008 hartrees
 Requested basis set is 6-31G(d)
 There are 8 shells and 19 basis functions
 A cutoff of  1.0D-11 yielded     36 shell pairs
 There are       217 function pairs
 Smallest overlap matrix eigenvalue = 2.30E-02
 Guess MOs from SCF MO coefficient file
Reading MOs from coefficient file
Reading MOs from coefficient file
 A restricted Kohn-Sham SCF calculation will be
 performed using Pulay DIIS extrapolation
 Exchange:  PBE      Correlation:  PBE
 Using SG-1 standard quadrature grid
 SCF converges when DIIS error is below 1.0E-08
Geometry optimization detected.  Setting ReadMinima to 0
Setting SaveMinima to 0
 Requested basis set is 6-31G(d)
 There are 8 shells and 19 basis functions
 A cutoff of  1.0D-11 yielded     36 shell pairs
 There are       217 function pairs
 ---------------------------------------
  Cycle       Energy         DIIS Error
 ---------------------------------------
    1     -76.3229518597      2.00E-04
    2     -76.3224890763      3.06E-05
    3     -76.3224890996      1.99E-05
    4     -76.3224891133      7.88E-06
    5     -76.3224891154      5.74E-07
    6     -76.3224891154      1.40E-07
    7     -76.3224891154      2.34E-09 Convergence criterion met
 ---------------------------------------
 SCF time:  CPU 0.25 s  wall 0.29 s
 SCF   energy in the final basis set = -76.3224891154
 Total energy in the final basis set = -76.3224891154
 Analysis of SCF Wavefunction
 
 --------------------------------------------------------------
             Orbital Energies (a.u.) and Symmetries
 --------------------------------------------------------------
 
 Alpha MOs, Restricted
 -- Occupied --                  
-18.758  -0.904  -0.457  -0.313  -0.227
  1 A'    2 A'    3 A'    4 A'    1 A"                                         
 -- Virtual --                   
  0.039   0.121   0.721   0.799   0.843   0.852   1.009   1.149
  5 A'    6 A'    7 A'    8 A'    2 A"    9 A'   10 A'   11 A'                 
  1.658   1.679   1.711   2.197   2.482   3.460
 12 A'    3 A"    4 A"   13 A'   14 A'   15 A'                                 
 
 Beta MOs, Restricted
 -- Occupied --                  
-18.758  -0.904  -0.457  -0.313  -0.227
  1 A'    2 A'    3 A'    4 A'    1 A"                                         
 -- Virtual --                   
  0.039   0.121   0.721   0.799   0.843   0.852   1.009   1.149
  5 A'    6 A'    7 A'    8 A'    2 A"    9 A'   10 A'   11 A'                 
  1.658   1.679   1.711   2.197   2.482   3.460
 12 A'    3 A"    4 A"   13 A'   14 A'   15 A'                                 
 --------------------------------------------------------------
 
          Ground-State Mulliken Net Atomic Charges

     Atom                 Charge (a.u.)
  ----------------------------------------
      1 O                    -0.759081
      2 H                     0.379530
      3 H                     0.379551
  ----------------------------------------
  Sum of atomic charges =     0.000000

 -----------------------------------------------------------------
                    Cartesian Multipole Moments
 -----------------------------------------------------------------
    Charge (ESU x 10^10)
                 0.0000
    Dipole Moment (Debye)
         X       0.0377      Y       2.0680      Z       0.0000
       Tot       2.0684
    Quadrupole Moments (Debye-Ang)
        XX      -4.3516     XY      -0.0229     YY      -5.9716
        XZ       0.0000     YZ       0.0000     ZZ      -7.2358
    Octopole Moments (Debye-Ang^2)
       XXX       0.0212    XXY       1.1740    XYY      -0.0424
       YYY       1.1056    XXZ       0.0000    XYZ       0.0000
       YYZ       0.0000    XZZ      -0.0187    YZZ       0.2810
       ZZZ       0.0000
    Hexadecapole Moments (Debye-Ang^3)
      XXXX      -6.2298   XXXY       0.0285   XXYY      -1.7691
      XYYY      -0.0159   YYYY      -6.3827   XXXZ       0.0000
      XXYZ       0.0000   XYYZ       0.0000   YYYZ       0.0000
      XXZZ      -2.1492   XYZZ       0.0038   YYZZ      -1.9939
      XZZZ       0.0000   YZZZ       0.0000   ZZZZ      -5.2617
 -----------------------------------------------------------------
 Calculating analytic gradient of the SCF energy
 Gradient of AOints
            1           2           3
    1   0.0565479   2.0847876  -2.1413355
    2   3.0906467  -1.5837810  -1.5068657
    3   0.0000000  -0.0000000  -0.0000000
 Gradient of SCF Energy
            1           2           3
    1   0.0001252  -0.0000461  -0.0000791
    2  -0.0000484   0.0000592  -0.0000108
    3  -0.0000000   0.0000000   0.0000000
 Max gradient component =       1.252E-04
 RMS gradient           =       5.777E-05
 Gradient time:  CPU 0.09 s  wall 0.10 s
 Geometry Optimization Parameters
   NAtoms,    NIC,     NZ,  NCons,   NDum,   NFix, NCnnct, MaxDiis
        3       9       0       0       0       0       0       0

 Cartesian Hessian Update
 Hessian Updated using BFGS Update


** GEOMETRY OPTIMIZATION IN DELOCALIZED INTERNAL COORDINATES **
   Searching for a Minimum

   Optimization Cycle:   3

                       Coordinates (Angstroms)
     ATOM                X               Y               Z
      1  O         0.0011527980   -0.1179333958    0.0000000000
      2  H        -0.7507418925    0.5054336552    0.0000000000
      3  H         0.7751837945    0.4775326023    0.0000000000
   Point Group: cs    Number of degrees of freedom:     3


   Energy is    -76.322489115

 GETINT wrote B to file, NVib is            3
 Hessian Updated using BFGS Update

  3 Hessian modes will be used to form the next step
  Hessian Eigenvalues:
     0.181515    0.490246    0.534401

 Minimum Search - Taking Simple RFO Step
 Searching for Lamda that Minimizes Along All modes
 Value Taken    Lamda =   0.00000000
 Step Taken.  Stepsize is  0.000339

                             Maximum     Tolerance    Cnvgd?
         Gradient           0.000109      0.000300     YES
         Displacement       0.000214      0.001200     YES
         Energy change     -0.000002      0.000001      NO


                       Distance Matrix (Angstroms)
             O (  1)   H (  2)
   H (  2)  0.976694
   H (  3)  0.976578  1.526181
 
 Final energy is   -76.3224891153675     


 ******************************
 **  OPTIMIZATION CONVERGED  **
 ******************************

Z-matrix Print:
$molecule
0 1
O 
H  1 0.976578
H  1 0.976694 2 102.767907
$end

 Analysis of SCF Wavefunction
 
 --------------------------------------------------------------
             Orbital Energies (a.u.) and Symmetries
 --------------------------------------------------------------
 
 Alpha MOs, Restricted
 -- Occupied --                  
-18.758  -0.904  -0.457  -0.313  -0.227
  1 A'    2 A'    3 A'    4 A'    1 A"                                         
 -- Virtual --                   
  0.039   0.121   0.721   0.799   0.843   0.852   1.009   1.149
  5 A'    6 A'    7 A'    8 A'    2 A"    9 A'   10 A'   11 A'                 
  1.658   1.679   1.711   2.197   2.482   3.460
 12 A'    3 A"    4 A"   13 A'   14 A'   15 A'                                 
 
 Beta MOs, Restricted
 -- Occupied --                  
-18.758  -0.904  -0.457  -0.313  -0.227
  1 A'    2 A'    3 A'    4 A'    1 A"                                         
 -- Virtual --                   
  0.039   0.121   0.721   0.799   0.843   0.852   1.009   1.149
  5 A'    6 A'    7 A'    8 A'    2 A"    9 A'   10 A'   11 A'                 
  1.658   1.679   1.711   2.197   2.482   3.460
 12 A'    3 A"    4 A"   13 A'   14 A'   15 A'                                 
 --------------------------------------------------------------
 
          Ground-State Mulliken Net Atomic Charges

     Atom                 Charge (a.u.)
  ----------------------------------------
      1 O                    -0.759081
      2 H                     0.379530
      3 H                     0.379551
  ----------------------------------------
  Sum of atomic charges =     0.000000

 -----------------------------------------------------------------
                    Cartesian Multipole Moments
 -----------------------------------------------------------------
    Charge (ESU x 10^10)
                 0.0000
    Dipole Moment (Debye)
         X       0.0377      Y       2.0680      Z       0.0000
       Tot       2.0684
    Quadrupole Moments (Debye-Ang)
        XX      -4.3516     XY      -0.0229     YY      -5.9716
        XZ       0.0000     YZ       0.0000     ZZ      -7.2358
    Octopole Moments (Debye-Ang^2)
       XXX       0.0212    XXY       1.1740    XYY      -0.0424
       YYY       1.1056    XXZ       0.0000    XYZ       0.0000
       YYZ       0.0000    XZZ      -0.0187    YZZ       0.2810
       ZZZ       0.0000
    Hexadecapole Moments (Debye-Ang^3)
      XXXX      -6.2298   XXXY       0.0285   XXYY      -1.7691
      XYYY      -0.0159   YYYY      -6.3827   XXXZ       0.0000
      XXYZ       0.0000   XYYZ       0.0000   YYYZ       0.0000
      XXZZ      -2.1492   XYZZ       0.0038   YYZZ      -1.9939
      XZZZ       0.0000   YZZZ       0.0000   ZZZZ      -5.2617
 -----------------------------------------------------------------
Archival summary:
1\1\a16\OPT\ProcedureUnspecified\6-31G*\12\hollas\TueOct2016:17:402015TueOct2016:17:402015\0\\#,OPT,ProcedureUnspecified,6-31G*,\\0,1\O\H,1,0.976578\H,1,0.976694,2,102.768\\\@

 Total job time:  2.79s(wall), 1.24s(cpu) 
 Tue Oct 20 16:17:40 2015

        *************************************************************
        *                                                           *
        *  Thank you very much for using Q-Chem.  Have a nice day.  *
        *                                                           *
        *************************************************************


